
> bsball-frontend@1.1.0 build
> vite build

[36mvite v6.4.3 [32mbuilding for production...[36m[39m
transforming...
[32m鉁?[39m 3879 modules transformed.
rendering chunks...
computing gzip size...
[2mdist/[22m[32mindex.html                       [39m[1m[2m    0.54 kB[22m[1m[22m[2m 鈹?gzip:     0.33 kB[22m
[2mdist/[22m[35massets/index-UJczSAUw.css        [39m[1m[2m  555.61 kB[22m[1m[22m[2m 鈹?gzip:    80.72 kB[22m
[2mdist/[22m[36massets/diff-DbItnlRl.js          [39m[1m[2m    0.31 kB[22m[1m[22m[2m 鈹?gzip:     0.24 kB[22m
[2mdist/[22m[36massets/brainfuck-C4LP7Hcl.js     [39m[1m[2m    0.61 kB[22m[1m[22m[2m 鈹?gzip:     0.33 kB[22m
[2mdist/[22m[36massets/properties-C78fOPTZ.js    [39m[1m[2m    0.67 kB[22m[1m[22m[2m 鈹?gzip:     0.35 kB[22m
[2mdist/[22m[36massets/cmake-BQqOBYOt.js         [39m[1m[2m    0.78 kB[22m[1m[22m[2m 鈹?gzip:     0.46 kB[22m
[2mdist/[22m[36massets/asciiarmor-Df11BRmG.js    [39m[1m[2m    0.79 kB[22m[1m[22m[2m 鈹?gzip:     0.41 kB[22m
[2mdist/[22m[36massets/http-DBlCnlav.js          [39m[1m[2m    0.85 kB[22m[1m[22m[2m 鈹?gzip:     0.41 kB[22m
[2mdist/[22m[36massets/protobuf-ChK-085T.js      [39m[1m[2m    0.86 kB[22m[1m[22m[2m 鈹?gzip:     0.52 kB[22m
[2mdist/[22m[36massets/solr-DehyRSwq.js          [39m[1m[2m    0.87 kB[22m[1m[22m[2m 鈹?gzip:     0.46 kB[22m
[2mdist/[22m[36massets/troff-wAsdV37c.js         [39m[1m[2m    0.96 kB[22m[1m[22m[2m 鈹?gzip:     0.44 kB[22m
[2mdist/[22m[36massets/spreadsheet-BCZA_wO0.js   [39m[1m[2m    1.14 kB[22m[1m[22m[2m 鈹?gzip:     0.54 kB[22m
[2mdist/[22m[36massets/toml-Bm5Em-hy.js          [39m[1m[2m    1.14 kB[22m[1m[22m[2m 鈹?gzip:     0.54 kB[22m
[2mdist/[22m[36massets/mbox-CNhZ1qSd.js          [39m[1m[2m    1.40 kB[22m[1m[22m[2m 鈹?gzip:     0.66 kB[22m
[2mdist/[22m[36massets/sieve-C3Gn_uJK.js         [39m[1m[2m    1.62 kB[22m[1m[22m[2m 鈹?gzip:     0.77 kB[22m
[2mdist/[22m[36massets/rpm-CTu-6PCP.js           [39m[1m[2m    1.62 kB[22m[1m[22m[2m 鈹?gzip:     0.83 kB[22m
[2mdist/[22m[36massets/factor-kuTfRLto.js        [39m[1m[2m    1.67 kB[22m[1m[22m[2m 鈹?gzip:     0.61 kB[22m
[2mdist/[22m[36massets/z80-Hz9HOZM7.js           [39m[1m[2m    1.75 kB[22m[1m[22m[2m 鈹?gzip:     0.81 kB[22m
[2mdist/[22m[36massets/eiffel-CnydiIhH.js        [39m[1m[2m    1.81 kB[22m[1m[22m[2m 鈹?gzip:     0.92 kB[22m
[2mdist/[22m[36massets/elm-vLlmbW-K.js           [39m[1m[2m    1.89 kB[22m[1m[22m[2m 鈹?gzip:     0.82 kB[22m
[2mdist/[22m[36massets/mathematica-DTrFuWx2.js   [39m[1m[2m    1.92 kB[22m[1m[22m[2m 鈹?gzip:     0.82 kB[22m
[2mdist/[22m[36massets/dockerfile-BKs6k2Af.js    [39m[1m[2m    1.95 kB[22m[1m[22m[2m 鈹?gzip:     0.67 kB[22m
[2mdist/[22m[36massets/turtle-B1tBg_DP.js        [39m[1m[2m    1.98 kB[22m[1m[22m[2m 鈹?gzip:     0.90 kB[22m
[2mdist/[22m[36massets/ebnf-CDyGwa7X.js          [39m[1m[2m    1.99 kB[22m[1m[22m[2m 鈹?gzip:     0.81 kB[22m
[2mdist/[22m[36massets/smalltalk-CnHTOXQT.js     [39m[1m[2m    2.01 kB[22m[1m[22m[2m 鈹?gzip:     0.85 kB[22m
[2mdist/[22m[36massets/dtd-DF_7sFjM.js           [39m[1m[2m    2.06 kB[22m[1m[22m[2m 鈹?gzip:     0.87 kB[22m
[2mdist/[22m[36massets/mumps-BT43cFF4.js         [39m[1m[2m    2.07 kB[22m[1m[22m[2m 鈹?gzip:     0.98 kB[22m
[2mdist/[22m[36massets/fcl-Kvtd6kyn.js           [39m[1m[2m    2.08 kB[22m[1m[22m[2m 鈹?gzip:     0.95 kB[22m
[2mdist/[22m[36massets/ntriples-BfvgReVJ.js      [39m[1m[2m    2.10 kB[22m[1m[22m[2m 鈹?gzip:     0.75 kB[22m
[2mdist/[22m[36massets/yacas-BJ4BC0dw.js         [39m[1m[2m    2.15 kB[22m[1m[22m[2m 鈹?gzip:     1.09 kB[22m
[2mdist/[22m[36massets/simple-mode-GW_nhZxv.js   [39m[1m[2m    2.28 kB[22m[1m[22m[2m 鈹?gzip:     1.09 kB[22m
[2mdist/[22m[36massets/apl-B4CMkyY2.js           [39m[1m[2m    2.30 kB[22m[1m[22m[2m 鈹?gzip:     1.23 kB[22m
[2mdist/[22m[36massets/pascal--L3eBynH.js        [39m[1m[2m    2.30 kB[22m[1m[22m[2m 鈹?gzip:     1.19 kB[22m
[2mdist/[22m[36massets/octave-Ck1zUtKM.js        [39m[1m[2m    2.31 kB[22m[1m[22m[2m 鈹?gzip:     1.09 kB[22m
[2mdist/[22m[36massets/commonlisp-DBKNyK5s.js    [39m[1m[2m    2.32 kB[22m[1m[22m[2m 鈹?gzip:     1.10 kB[22m
[2mdist/[22m[36massets/tcl-DVfN8rqt.js           [39m[1m[2m    2.36 kB[22m[1m[22m[2m 鈹?gzip:     1.23 kB[22m
[2mdist/[22m[36massets/index-D3p9rJ5E.js         [39m[1m[2m    2.39 kB[22m[1m[22m[2m 鈹?gzip:     1.48 kB[22m
[2mdist/[22m[36massets/webidl-ZXfAyPTL.js        [39m[1m[2m    2.52 kB[22m[1m[22m[2m 鈹?gzip:     1.26 kB[22m
[2mdist/[22m[36massets/pig-CevX1Tat.js           [39m[1m[2m    2.53 kB[22m[1m[22m[2m 鈹?gzip:     1.38 kB[22m
[2mdist/[22m[36massets/puppet-DMA9R1ak.js        [39m[1m[2m    2.54 kB[22m[1m[22m[2m 鈹?gzip:     1.20 kB[22m
[2mdist/[22m[36massets/forth-Ffai-XNe.js         [39m[1m[2m    2.54 kB[22m[1m[22m[2m 鈹?gzip:     1.33 kB[22m
[2mdist/[22m[36massets/shell-CjFT_Tl9.js         [39m[1m[2m    2.57 kB[22m[1m[22m[2m 鈹?gzip:     1.21 kB[22m
[2mdist/[22m[36massets/index-CflHSJAm.js         [39m[1m[2m    2.60 kB[22m[1m[22m[2m 鈹?gzip:     1.49 kB[22m
[2mdist/[22m[36massets/velocity-D8B20fx6.js      [39m[1m[2m    2.67 kB[22m[1m[22m[2m 鈹?gzip:     1.11 kB[22m
[2mdist/[22m[36massets/tiddlywiki-DO-Gjzrf.js    [39m[1m[2m    2.78 kB[22m[1m[22m[2m 鈹?gzip:     1.07 kB[22m
[2mdist/[22m[36massets/modelica-Dc1JOy9r.js      [39m[1m[2m    2.79 kB[22m[1m[22m[2m 鈹?gzip:     1.29 kB[22m
[2mdist/[22m[36massets/oz-BzwKVEFT.js            [39m[1m[2m    2.90 kB[22m[1m[22m[2m 鈹?gzip:     1.28 kB[22m
[2mdist/[22m[36massets/r-B6wPVr8A.js             [39m[1m[2m    2.94 kB[22m[1m[22m[2m 鈹?gzip:     1.36 kB[22m
[2mdist/[22m[36massets/stex-C3f8Ysf7.js          [39m[1m[2m    3.12 kB[22m[1m[22m[2m 鈹?gzip:     1.20 kB[22m
[2mdist/[22m[36massets/tiki-DGYXhP31.js          [39m[1m[2m    3.25 kB[22m[1m[22m[2m 鈹?gzip:     1.26 kB[22m
[2mdist/[22m[36massets/index-C9RKcw2o.js         [39m[1m[2m    3.25 kB[22m[1m[22m[2m 鈹?gzip:     1.66 kB[22m
[2mdist/[22m[36massets/vhdl-lSbBsy5d.js          [39m[1m[2m    3.35 kB[22m[1m[22m[2m 鈹?gzip:     1.51 kB[22m
[2mdist/[22m[36massets/lua-VAEuO923.js           [39m[1m[2m    3.41 kB[22m[1m[22m[2m 鈹?gzip:     1.43 kB[22m
[2mdist/[22m[36massets/mscgen-BA5vi2Kp.js        [39m[1m[2m    3.51 kB[22m[1m[22m[2m 鈹?gzip:     0.98 kB[22m
[2mdist/[22m[36massets/sparql-DkYu6x3z.js        [39m[1m[2m    3.55 kB[22m[1m[22m[2m 鈹?gzip:     1.63 kB[22m
[2mdist/[22m[36massets/cypher-C_CwsFkJ.js        [39m[1m[2m    3.56 kB[22m[1m[22m[2m 鈹?gzip:     1.52 kB[22m
[2mdist/[22m[36massets/d-pRatUO7H.js             [39m[1m[2m    3.72 kB[22m[1m[22m[2m 鈹?gzip:     1.68 kB[22m
[2mdist/[22m[36massets/coffeescript-S37ZYGWr.js  [39m[1m[2m    3.87 kB[22m[1m[22m[2m 鈹?gzip:     1.69 kB[22m
[2mdist/[22m[36massets/vb-CmGdzxic.js            [39m[1m[2m    3.90 kB[22m[1m[22m[2m 鈹?gzip:     1.79 kB[22m
[2mdist/[22m[36massets/swift-BzpIVaGY.js         [39m[1m[2m    3.96 kB[22m[1m[22m[2m 鈹?gzip:     1.79 kB[22m
[2mdist/[22m[36massets/asn1-EdZsLKOL.js          [39m[1m[2m    3.98 kB[22m[1m[22m[2m 鈹?gzip:     1.96 kB[22m
[2mdist/[22m[36massets/q-pXgVlZs6.js             [39m[1m[2m    4.03 kB[22m[1m[22m[2m 鈹?gzip:     1.67 kB[22m
[2mdist/[22m[36massets/ttcn-cfg-B9xdYoR4.js      [39m[1m[2m    4.05 kB[22m[1m[22m[2m 鈹?gzip:     1.71 kB[22m
[2mdist/[22m[36massets/dylan-DwRh75JA.js         [39m[1m[2m    4.05 kB[22m[1m[22m[2m 鈹?gzip:     1.65 kB[22m
[2mdist/[22m[36massets/livescript-BwQOo05w.js    [39m[1m[2m    4.09 kB[22m[1m[22m[2m 鈹?gzip:     1.64 kB[22m
[2mdist/[22m[36massets/groovy-D9Dt4D0W.js        [39m[1m[2m    4.14 kB[22m[1m[22m[2m 鈹?gzip:     1.77 kB[22m
[2mdist/[22m[36massets/haskell-Cw1EW3IL.js       [39m[1m[2m    4.17 kB[22m[1m[22m[2m 鈹?gzip:     1.89 kB[22m
[2mdist/[22m[36massets/asterisk-B-8jnY81.js      [39m[1m[2m    4.48 kB[22m[1m[22m[2m 鈹?gzip:     1.78 kB[22m
[2mdist/[22m[36massets/gas-Bneqetm1.js           [39m[1m[2m    4.57 kB[22m[1m[22m[2m 鈹?gzip:     1.28 kB[22m
[2mdist/[22m[36massets/fortran-DYz_wnZ1.js       [39m[1m[2m    4.65 kB[22m[1m[22m[2m 鈹?gzip:     2.01 kB[22m
[2mdist/[22m[36massets/mllike-CXdrOF99.js        [39m[1m[2m    4.79 kB[22m[1m[22m[2m 鈹?gzip:     1.53 kB[22m
[2mdist/[22m[36massets/ttcn-CfJYG6tj.js          [39m[1m[2m    4.80 kB[22m[1m[22m[2m 鈹?gzip:     2.13 kB[22m
[2mdist/[22m[36massets/index-Cbv7zhoL.js         [39m[1m[2m    4.92 kB[22m[1m[22m[2m 鈹?gzip:     2.35 kB[22m
[2mdist/[22m[36massets/ecl-Cabwm37j.js           [39m[1m[2m    5.13 kB[22m[1m[22m[2m 鈹?gzip:     2.31 kB[22m
[2mdist/[22m[36massets/crystal-SjHAIU92.js       [39m[1m[2m    5.13 kB[22m[1m[22m[2m 鈹?gzip:     2.07 kB[22m
[2mdist/[22m[36massets/ruby-BK5aLJev.js          [39m[1m[2m    5.21 kB[22m[1m[22m[2m 鈹?gzip:     2.16 kB[22m
[2mdist/[22m[36massets/julia-DuME0IfC.js         [39m[1m[2m    5.39 kB[22m[1m[22m[2m 鈹?gzip:     2.14 kB[22m
[2mdist/[22m[36massets/vbscript-BuJXcnF6.js      [39m[1m[2m    5.82 kB[22m[1m[22m[2m 鈹?gzip:     2.57 kB[22m
[2mdist/[22m[36massets/mirc-CjQqDB4T.js          [39m[1m[2m    5.92 kB[22m[1m[22m[2m 鈹?gzip:     2.68 kB[22m
[2mdist/[22m[36massets/cobol-CWcv1MsR.js         [39m[1m[2m    6.20 kB[22m[1m[22m[2m 鈹?gzip:     2.96 kB[22m
[2mdist/[22m[36massets/scheme-C41bIUwD.js        [39m[1m[2m    6.37 kB[22m[1m[22m[2m 鈹?gzip:     2.39 kB[22m
[2mdist/[22m[36massets/python-BuPzkPfP.js        [39m[1m[2m    6.48 kB[22m[1m[22m[2m 鈹?gzip:     2.73 kB[22m
[2mdist/[22m[36massets/xquery-DzFWVndE.js        [39m[1m[2m    6.62 kB[22m[1m[22m[2m 鈹?gzip:     2.56 kB[22m
[2mdist/[22m[36massets/pug-DeIclll2.js           [39m[1m[2m    6.67 kB[22m[1m[22m[2m 鈹?gzip:     1.94 kB[22m
[2mdist/[22m[36massets/textile-CnDTJFAw.js       [39m[1m[2m    6.80 kB[22m[1m[22m[2m 鈹?gzip:     2.44 kB[22m
[2mdist/[22m[36massets/nsis-LY0VT_u5.js          [39m[1m[2m    7.06 kB[22m[1m[22m[2m 鈹?gzip:     3.08 kB[22m
[2mdist/[22m[36massets/nginx-DdIZxoE0.js         [39m[1m[2m    7.34 kB[22m[1m[22m[2m 鈹?gzip:     2.72 kB[22m
[2mdist/[22m[36massets/powershell-CFHJl5sT.js    [39m[1m[2m    7.77 kB[22m[1m[22m[2m 鈹?gzip:     3.33 kB[22m
[2mdist/[22m[36massets/haxe-H-WmDvRZ.js          [39m[1m[2m    7.89 kB[22m[1m[22m[2m 鈹?gzip:     2.95 kB[22m
[2mdist/[22m[36massets/erlang-BNw1qcRV.js        [39m[1m[2m    8.10 kB[22m[1m[22m[2m 鈹?gzip:     2.89 kB[22m
[2mdist/[22m[36massets/verilog-C6RDOZhf.js       [39m[1m[2m    8.24 kB[22m[1m[22m[2m 鈹?gzip:     3.52 kB[22m
[2mdist/[22m[36massets/sas-B4kiWyti.js           [39m[1m[2m    9.33 kB[22m[1m[22m[2m 鈹?gzip:     4.11 kB[22m
[2mdist/[22m[36massets/perl-CdXCOZ3F.js          [39m[1m[2m    9.75 kB[22m[1m[22m[2m 鈹?gzip:     3.46 kB[22m
[2mdist/[22m[36massets/gherkin-heZmZLOM.js       [39m[1m[2m   10.16 kB[22m[1m[22m[2m 鈹?gzip:     5.09 kB[22m
[2mdist/[22m[36massets/clojure-BMjYHr_A.js       [39m[1m[2m   10.82 kB[22m[1m[22m[2m 鈹?gzip:     3.99 kB[22m
[2mdist/[22m[36massets/idl-BEugSyMb.js           [39m[1m[2m   11.63 kB[22m[1m[22m[2m 鈹?gzip:     4.52 kB[22m
[2mdist/[22m[36massets/index-CAfYkeNL.js         [39m[1m[2m   12.68 kB[22m[1m[22m[2m 鈹?gzip:     5.59 kB[22m
[2mdist/[22m[36massets/index-COcqTEB3.js         [39m[1m[2m   14.76 kB[22m[1m[22m[2m 鈹?gzip:     5.96 kB[22m
[2mdist/[22m[36massets/index-BzMCVcud.js         [39m[1m[2m   16.22 kB[22m[1m[22m[2m 鈹?gzip:     7.41 kB[22m
[2mdist/[22m[36massets/javascript-iXu5QeM3.js    [39m[1m[2m   17.08 kB[22m[1m[22m[2m 鈹?gzip:     5.75 kB[22m
[2mdist/[22m[36massets/index-XwJOdmDA.js         [39m[1m[2m   20.80 kB[22m[1m[22m[2m 鈹?gzip:     9.30 kB[22m
[2mdist/[22m[36massets/index-DNKKRjYK.js         [39m[1m[2m   21.08 kB[22m[1m[22m[2m 鈹?gzip:     9.69 kB[22m
[2mdist/[22m[36massets/clike-B9uivgTg.js         [39m[1m[2m   22.30 kB[22m[1m[22m[2m 鈹?gzip:     7.86 kB[22m
[2mdist/[22m[36massets/index-Ch6jR7Eu.js         [39m[1m[2m   22.97 kB[22m[1m[22m[2m 鈹?gzip:    10.35 kB[22m
[2mdist/[22m[36massets/stylus-B533Al4x.js        [39m[1m[2m   25.80 kB[22m[1m[22m[2m 鈹?gzip:     8.60 kB[22m
[2mdist/[22m[36massets/css-BnMrqG3P.js           [39m[1m[2m   27.13 kB[22m[1m[22m[2m 鈹?gzip:     8.47 kB[22m
[2mdist/[22m[36massets/index-CU72jrot.js         [39m[1m[2m   30.76 kB[22m[1m[22m[2m 鈹?gzip:    12.63 kB[22m
[2mdist/[22m[36massets/index-_1eqOqZL.js         [39m[1m[2m   32.29 kB[22m[1m[22m[2m 鈹?gzip:    13.05 kB[22m
[2mdist/[22m[36massets/sql-D0XecflT.js           [39m[1m[2m   37.05 kB[22m[1m[22m[2m 鈹?gzip:    10.94 kB[22m
[2mdist/[22m[36massets/index-mxbMqIDB.js         [39m[1m[2m   40.22 kB[22m[1m[22m[2m 鈹?gzip:    16.57 kB[22m
[2mdist/[22m[36massets/index--vlGu6qJ.js         [39m[1m[2m   45.07 kB[22m[1m[22m[2m 鈹?gzip:    19.15 kB[22m
[2mdist/[22m[36massets/index-_zASxX9d.js         [39m[1m[2m   83.67 kB[22m[1m[22m[2m 鈹?gzip:    30.33 kB[22m
[2mdist/[22m[36massets/index-BJHtTwq3.js         [39m[1m[2m   98.14 kB[22m[1m[22m[2m 鈹?gzip:    28.52 kB[22m
[2mdist/[22m[36massets/index-g44zVcQ2.js         [39m[1m[2m  103.88 kB[22m[1m[22m[2m 鈹?gzip:    34.36 kB[22m
[2mdist/[22m[36massets/index-B93LCvAN.js         [39m[1m[33m3,827.61 kB[39m[22m[2m 鈹?gzip: 1,269.67 kB[22m
npm.cmd : [33m
所在位置 行:1 字符: 331
+ ... -gen-b3.mjs" c2; cd bsball-frontend; & npm.cmd run build 2>&1 | Out-F ...
+                                          ~~~~~~~~~~~~~~~~~~~~~~~~
    + CategoryInfo          : NotSpecified: ([33m:String) [], RemoteException
    + FullyQualifiedErrorId : NativeCommandError
 
(!) Some chunks are larger than 500 kB after minification. Consider:
- Using dynamic import() to code-split the application
- Use build.rollupOptions.output.manualChunks to improve chunking: https://rollupjs.org/configuration-options/#output-m
anualchunks
- Adjust chunk size limit for this warning via build.chunkSizeWarningLimit.[39m
[32m鉁?built in 8.84s[39m
